// Vitest Snapshot v1, https://vitest.dev/guide/snapshot.html

exports[`HotelTable.vue > Should match the snapshot 1`] = `
"<div class="overflow-x-auto">
  <table class="min-w-full bg-white">
    <thead class="bg-emerald-500 text-white">
      <tr>
        <th class="p-3 border border-gray-300 text-left">Hotel</th>
        <th class="p-3 border border-gray-300 text-left">Preço</th>
        <th class="p-3 border border-gray-300 text-left">Estrelas</th>
        <th class="p-3 border border-gray-300 text-left">Comodidades</th>
        <th class="p-3 border border-gray-300 text-left">Ação</th>
      </tr>
    </thead>
    <tbody>
      <tr class="hover:bg-gray-100">
        <td class="p-3 border border-gray-300">Hotel Example 1</td>
        <td class="p-3 border border-gray-300">R$ 150</td>
        <td class="p-3 border border-gray-300">4</td>
        <td class="p-3 border border-gray-300">Wi-Fi, Breakfast, Pool</td>
        <td class="p-3 border border-gray-300"><button class="text-red-500 hover:text-red-700"> Remover </button></td>
      </tr>
      <tr class="hover:bg-gray-100">
        <td class="p-3 border border-gray-300">Hotel Example 2</td>
        <td class="p-3 border border-gray-300">R$ 250</td>
        <td class="p-3 border border-gray-300">5</td>
        <td class="p-3 border border-gray-300">Wi-Fi, Spa, Gym</td>
        <td class="p-3 border border-gray-300"><button class="text-red-500 hover:text-red-700"> Remover </button></td>
      </tr>
    </tbody>
  </table>
</div>"
`;
