// Vitest Snapshot v1, https://vitest.dev/guide/snapshot.html

exports[`ReservationForm.vue > Should match the snapshot 1`] = `
"<form class="space-y-6">
  <div class="form-group"><label for="firstName" class="block text-sm font-medium text-gray-700">Nome:</label><input type="text" class="p-inputtext p-component w-full px-3 py-2 border border-gray-300 rounded-md" id="firstName" required="" data-pc-name="inputtext" data-pc-section="root" value="" pc9=""></div>
  <div class="form-group"><label for="lastName" class="block text-sm font-medium text-gray-700">Sobrenome:</label><input type="text" class="p-inputtext p-component w-full px-3 py-2 border border-gray-300 rounded-md" id="lastName" required="" data-pc-name="inputtext" data-pc-section="root" value="" pc10=""></div>
  <div class="form-group"><label for="email" class="block text-sm font-medium text-gray-700">Email:</label><input type="text" class="p-inputtext p-component w-full px-3 py-2 border border-gray-300 rounded-md" id="email" required="" data-pc-name="inputtext" data-pc-section="root" value="" pc11=""></div>
  <div class="form-group"><label for="number" class="block text-sm font-medium text-gray-700">Número do celular:</label><input type="text" class="p-inputtext p-component p-inputmask w-full px-3 py-2 border border-gray-300 rounded-md" data-pc-name="pcinputtext" data-pc-extend="inputtext" data-pc-section="root" value=""></div>
  <div class="form-group"><label for="documentNumber" class="block text-sm font-medium text-gray-700">CPF:</label><input type="text" class="p-inputtext p-component p-inputmask w-full px-3 py-2 border border-gray-300 rounded-md" data-pc-name="pcinputtext" data-pc-extend="inputtext" data-pc-section="root" value=""></div>
  <div class="form-group"><label for="payment" class="block text-sm font-medium text-gray-700">Cartão de Crédito:</label><input type="text" class="p-inputtext p-component p-inputmask w-full px-3 py-2 border border-gray-300 rounded-md" data-pc-name="pcinputtext" data-pc-extend="inputtext" data-pc-section="root" value=""></div>
  <div class="form-group"><label for="cvv" class="block text-sm font-medium text-gray-700">CVV:</label><input type="text" class="p-inputtext p-component p-inputmask w-full px-3 py-2 border border-gray-300 rounded-md" data-pc-name="pcinputtext" data-pc-extend="inputtext" data-pc-section="root" value=""></div><button class="p-button p-component w-full text-white font-medium py-2 rounded-md bg-emerald-500 hover:bg-emerald-700 active:bg-emerald-900" type="submit" aria-label="Reservar" data-pc-name="button" data-p-disabled="false" data-pc-section="root" pc12="">
    <!----><span class="p-button-label" data-pc-section="label">Reservar</span>
    <!---->
  </button>
</form>"
`;
