// Vitest Snapshot v1, https://vitest.dev/guide/snapshot.html

exports[`RoomsInput.vue > Should matches snapshot 1`] = `"<div class="flex items-center gap-4 w-full md:w-auto justify-between md:justify-start"><label for="rooms">Quartos</label><span class="p-inputnumber p-component p-inputwrapper p-inputwrapper-filled w-32 md:w-8 border rounded-lg" id="rooms" data-pc-name="inputnumber" data-pc-section="root" pc3=""><input type="text" class="p-inputtext p-component p-inputnumber-input w-full text-gray-700 font-medium  pl-2 py-2 rounded-lg focus:outline-none focus:ring-1 focus:ring-emerald-500" role="spinbutton" aria-valuemin="1" aria-valuemax="6" aria-valuenow="1" inputmode="numeric" data-pc-name="pcinput" data-pc-extend="inputtext" data-pc-section="root" value="1"><!----><!----><!----></span></div>"`;
