// Vitest Snapshot v1, https://vitest.dev/guide/snapshot.html

exports[`SortOptions.vue > Should match the snapshot 1`] = `
"<div class="flex items-center justify-between w-full">
  <div class="p-select p-component p-inputwrapper w-44 flex items-center justify-between px-3 py-2 cursor-pointer border border-gray-300 rounded-lg" data-pc-name="select" data-pc-section="root" pc7=""><span class="p-select-label p-placeholder w-38 text-gray-700 font-medium focus:outline-none" tabindex="0" role="combobox" aria-label="Ordenar por" aria-haspopup="listbox" aria-expanded="false" aria-controls="undefined_list" aria-disabled="false" data-pc-section="label">Ordenar por</span>
    <!---->
    <div class="p-select-dropdown" data-pc-section="dropdown"><svg width="14" height="14" viewBox="0 0 14 14" fill="none" xmlns="http://www.w3.org/2000/svg" class="p-icon p-select-dropdown-icon" aria-hidden="true" data-pc-section="dropdownicon">
        <path d="M7.01744 10.398C6.91269 10.3985 6.8089 10.378 6.71215 10.3379C6.61541 10.2977 6.52766 10.2386 6.45405 10.1641L1.13907 4.84913C1.03306 4.69404 0.985221 4.5065 1.00399 4.31958C1.02276 4.13266 1.10693 3.95838 1.24166 3.82747C1.37639 3.69655 1.55301 3.61742 1.74039 3.60402C1.92777 3.59062 2.11386 3.64382 2.26584 3.75424L7.01744 8.47394L11.769 3.75424C11.9189 3.65709 12.097 3.61306 12.2748 3.62921C12.4527 3.64535 12.6199 3.72073 12.7498 3.84328C12.8797 3.96582 12.9647 4.12842 12.9912 4.30502C13.0177 4.48162 12.9841 4.662 12.8958 4.81724L7.58083 10.1322C7.50996 10.2125 7.42344 10.2775 7.32656 10.3232C7.22968 10.3689 7.12449 10.3944 7.01744 10.398Z" fill="currentColor"></path>
      </svg></div>
    <!---->
  </div><button class="p-button p-component flex items-center gap-2 px-3 py-2 cursor-pointer border border-gray-300 rounded-lg hover:bg-gray-400 active:bg-gray-500" type="button" aria-label="Resetar ordem" data-pc-name="button" data-p-disabled="false" data-pc-section="root" pc8=""><span class="p-button-icon p-button-icon-left pi pi-refresh" data-pc-section="icon"></span><span class="p-button-label" data-pc-section="label">Resetar ordem</span>
    <!---->
  </button>
</div>"
`;
